Validation Error

The operation cannot be completed:
- Create/update: a mandatory field is not set.
- Delete: another model requires the record being deleted. If possible, archive it instead.

Model: Marketplace Seller (marketplace.seller)
Field: Contact (partner_id)

